<!doctype html>
<html lang="en">
<head>
	<meta charset="UTF-8">
	<title>Document</title>
</head>
<body>
	<div id='home'> <!--dev-->
	<span></span>
	<img src="./asd" alt=""> <!-- some string -->
</body>
</html>