<!doctype html>
<html lang="en">
<head>
	<!-- new:s -->
	<meta charset="UTF-8">
	<title>Document</title>
	<!-- new:e -->
</head>
<body>
	<div id='home'>
	<div id='away'>
	<span></span>
</body>
</html>